Hello from Axolotl!